// Jest Snapshot v1, https://goo.gl/fbAQLP

exports[`menu render should render correctly 1`] = `
<ul
  className="app__menu test"
/>
`;
